// Jest Snapshot v1, https://goo.gl/fbAQLP

exports[`Should be rendered correctly 1`] = `
<div
  className="bouncing-loader"
>
  <div />
  <div />
  <div />
</div>
`;
